Component: ARM Compiler 6.16 Tool: armlink [5dfeaa00]

==============================================================================

Section Cross References

    main.o(main) refers to init_gpio.o(init_gpio) for INIT_GPIO
    main.o(main) refers to init_timer0.o(init_timer0) for INIT_TIMER0
    startup.o(STACK) refers (Special) to heapauxi.o(.text) for __use_two_region_memory
    startup.o(HEAP) refers (Special) to heapauxi.o(.text) for __use_two_region_memory
    startup.o(RESET) refers (Special) to heapauxi.o(.text) for __use_two_region_memory
    startup.o(RESET) refers to startup.o(STACK) for StackMem
    startup.o(RESET) refers to main.o(main) for __main
    startup.o(RESET) refers to timer0a_handler.o(my_handler_for_timer) for TIMER0A_HANDLER
    startup.o(.text) refers (Special) to heapauxi.o(.text) for __use_two_region_memory
    startup.o(.text) refers to startup.o(HEAP) for HeapMem
    startup.o(.text) refers to startup.o(STACK) for StackMem


==============================================================================

Removing Unused input sections from the image.

    Removing startup.o(HEAP), (0 bytes).
    Removing startup.o(.text), (48 bytes).

2 unused section(s) (total 48 bytes) removed from the image.

==============================================================================

Image Symbol Table

    Local Symbols

    Symbol Name                              Value     Ov Type        Size  Object(Section)

    ../clib/heapaux.c                        0x00000000   Number         0  heapauxi.o ABSOLUTE
    INIT_GPIO.s                              0x00000000   Number         0  init_gpio.o ABSOLUTE
    INIT_TIMER0.s                            0x00000000   Number         0  init_timer0.o ABSOLUTE
    Startup.s                                0x00000000   Number         0  startup.o ABSOLUTE
    TIMER0A_HANDLER.s                        0x00000000   Number         0  timer0a_handler.o ABSOLUTE
    dc.s                                     0x00000000   Number         0  dc.o ABSOLUTE
    main.s                                   0x00000000   Number         0  main.o ABSOLUTE
    RESET                                    0x00000000   Section      648  startup.o(RESET)
    $v0                                      0x0000026c   Number         0  startup.o(RESET)
    .text                                    0x00000288   Section        0  heapauxi.o(.text)
    $v0                                      0x00000290   Number         0  init_gpio.o(init_gpio)
    init_gpio                                0x00000290   Section      160  init_gpio.o(init_gpio)
    $v0                                      0x00000330   Number         0  init_timer0.o(init_timer0)
    init_timer0                              0x00000330   Section      136  init_timer0.o(init_timer0)
    $v0                                      0x000003b8   Number         0  main.o(main)
    main                                     0x000003b8   Section       14  main.o(main)
    $v0                                      0x000003c8   Number         0  timer0a_handler.o(my_handler_for_timer)
    my_handler_for_timer                     0x000003c8   Section       48  timer0a_handler.o(my_handler_for_timer)
    StackMem                                 0x20000000   Data           0  startup.o(STACK)
    STACK                                    0x20000000   Section     1024  startup.o(STACK)

    Global Symbols

    Symbol Name                              Value     Ov Type        Size  Object(Section)

    BuildAttributes$$THM_ISAv4$E$P$D$K$B$S$7EM$VFPi3$EXTD16$VFPS$VFMA$PE$A:L22UL41UL21$X:L11$S22US41US21$IEEE1$IW$~IW$USESV6$~STKCKD$USESV7$~SHL$OSPACE$ROPI$EBA8$STANDARDLIB$REQ8$PRES8$EABIv2 0x00000000   Number         0  anon$$obj.o ABSOLUTE
    __Vectors                                0x00000000   Data           0  startup.o(RESET)
    Reset_Handler                            0x0000026d   Thumb Code     0  startup.o(RESET)
    NMI_Handler                              0x00000271   Thumb Code     2  startup.o(RESET)
    HardFault_Handler                        0x00000273   Thumb Code     2  startup.o(RESET)
    MemManage_Handler                        0x00000275   Thumb Code     2  startup.o(RESET)
    BusFault_Handler                         0x00000277   Thumb Code     2  startup.o(RESET)
    UsageFault_Handler                       0x00000279   Thumb Code     2  startup.o(RESET)
    SVC_Handler                              0x0000027b   Thumb Code     2  startup.o(RESET)
    DebugMon_Handler                         0x0000027d   Thumb Code     2  startup.o(RESET)
    PendSV_Handler                           0x0000027f   Thumb Code     2  startup.o(RESET)
    SysTick_Handler                          0x00000281   Thumb Code     2  startup.o(RESET)
    ADC0Seq0_Handler                         0x00000283   Thumb Code     0  startup.o(RESET)
    ADC0Seq1_Handler                         0x00000283   Thumb Code     0  startup.o(RESET)
    ADC0Seq2_Handler                         0x00000283   Thumb Code     0  startup.o(RESET)
    ADC0Seq3_Handler                         0x00000283   Thumb Code     0  startup.o(RESET)
    GPIOPortA_Handler                        0x00000283   Thumb Code     0  startup.o(RESET)
    GPIOPortB_Handler                        0x00000283   Thumb Code     0  startup.o(RESET)
    GPIOPortC_Handler                        0x00000283   Thumb Code     0  startup.o(RESET)
    GPIOPortD_Handler                        0x00000283   Thumb Code     0  startup.o(RESET)
    GPIOPortE_Handler                        0x00000283   Thumb Code     0  startup.o(RESET)
    I2C0_Handler                             0x00000283   Thumb Code     0  startup.o(RESET)
    PWM0Fault_Handler                        0x00000283   Thumb Code     0  startup.o(RESET)
    PWM0Generator0_Handler                   0x00000283   Thumb Code     0  startup.o(RESET)
    PWM0Generator1_Handler                   0x00000283   Thumb Code     0  startup.o(RESET)
    PWM0Generator2_Handler                   0x00000283   Thumb Code     0  startup.o(RESET)
    Quadrature0_Handler                      0x00000283   Thumb Code     0  startup.o(RESET)
    SSI0_Handler                             0x00000283   Thumb Code     0  startup.o(RESET)
    Timer0A_Handler                          0x00000283   Thumb Code     4  startup.o(RESET)
    UART0_Handler                            0x00000283   Thumb Code     0  startup.o(RESET)
    UART1_Handler                            0x00000283   Thumb Code     0  startup.o(RESET)
    WDT_Handler                              0x00000283   Thumb Code     0  startup.o(RESET)
    ADC1Seq0_Handler                         0x00000287   Thumb Code     0  startup.o(RESET)
    ADC1Seq1_Handler                         0x00000287   Thumb Code     0  startup.o(RESET)
    ADC1Seq2_Handler                         0x00000287   Thumb Code     0  startup.o(RESET)
    ADC1Seq3_Handler                         0x00000287   Thumb Code     0  startup.o(RESET)
    CAN0_Handler                             0x00000287   Thumb Code     0  startup.o(RESET)
    CAN1_Handler                             0x00000287   Thumb Code     0  startup.o(RESET)
    CAN2_Handler                             0x00000287   Thumb Code     0  startup.o(RESET)
    Comp0_Handler                            0x00000287   Thumb Code     0  startup.o(RESET)
    Comp1_Handler                            0x00000287   Thumb Code     0  startup.o(RESET)
    Comp2_Handler                            0x00000287   Thumb Code     0  startup.o(RESET)
    Ethernet_Handler                         0x00000287   Thumb Code     0  startup.o(RESET)
    ExtBus_Handler                           0x00000287   Thumb Code     0  startup.o(RESET)
    FPU_Handler                              0x00000287   Thumb Code     0  startup.o(RESET)
    Fan0_Handler                             0x00000287   Thumb Code     0  startup.o(RESET)
    FlashCtl_Handler                         0x00000287   Thumb Code     0  startup.o(RESET)
    GPIOPortF_Handler                        0x00000287   Thumb Code     0  startup.o(RESET)
    GPIOPortG_Handler                        0x00000287   Thumb Code     0  startup.o(RESET)
    GPIOPortH_Handler                        0x00000287   Thumb Code     0  startup.o(RESET)
    GPIOPortJ_Handler                        0x00000287   Thumb Code     0  startup.o(RESET)
    GPIOPortK_Handler                        0x00000287   Thumb Code     0  startup.o(RESET)
    GPIOPortL_Handler                        0x00000287   Thumb Code     0  startup.o(RESET)
    GPIOPortM_Handler                        0x00000287   Thumb Code     0  startup.o(RESET)
    GPIOPortN_Handler                        0x00000287   Thumb Code     0  startup.o(RESET)
    GPIOPortP1_Handler                       0x00000287   Thumb Code     0  startup.o(RESET)
    GPIOPortP2_Handler                       0x00000287   Thumb Code     0  startup.o(RESET)
    GPIOPortP3_Handler                       0x00000287   Thumb Code     0  startup.o(RESET)
    GPIOPortP4_Handler                       0x00000287   Thumb Code     0  startup.o(RESET)
    GPIOPortP5_Handler                       0x00000287   Thumb Code     0  startup.o(RESET)
    GPIOPortP6_Handler                       0x00000287   Thumb Code     0  startup.o(RESET)
    GPIOPortP7_Handler                       0x00000287   Thumb Code     0  startup.o(RESET)
    GPIOPortP_Handler                        0x00000287   Thumb Code     0  startup.o(RESET)
    GPIOPortQ1_Handler                       0x00000287   Thumb Code     0  startup.o(RESET)
    GPIOPortQ2_Handler                       0x00000287   Thumb Code     0  startup.o(RESET)
    GPIOPortQ3_Handler                       0x00000287   Thumb Code     0  startup.o(RESET)
    GPIOPortQ4_Handler                       0x00000287   Thumb Code     0  startup.o(RESET)
    GPIOPortQ5_Handler                       0x00000287   Thumb Code     0  startup.o(RESET)
    GPIOPortQ6_Handler                       0x00000287   Thumb Code     0  startup.o(RESET)
    GPIOPortQ7_Handler                       0x00000287   Thumb Code     0  startup.o(RESET)
    GPIOPortQ_Handler                        0x00000287   Thumb Code     0  startup.o(RESET)
    GPIOPortR_Handler                        0x00000287   Thumb Code     0  startup.o(RESET)
    GPIOPortS_Handler                        0x00000287   Thumb Code     0  startup.o(RESET)
    Hibernate_Handler                        0x00000287   Thumb Code     0  startup.o(RESET)
    I2C1_Handler                             0x00000287   Thumb Code     0  startup.o(RESET)
    I2C2_Handler                             0x00000287   Thumb Code     0  startup.o(RESET)
    I2C3_Handler                             0x00000287   Thumb Code     0  startup.o(RESET)
    I2C4_Handler                             0x00000287   Thumb Code     0  startup.o(RESET)
    I2C5_Handler                             0x00000287   Thumb Code     0  startup.o(RESET)
    I2S0_Handler                             0x00000287   Thumb Code     0  startup.o(RESET)
    LPC0_Handler                             0x00000287   Thumb Code     0  startup.o(RESET)
    PECI0_Handler                            0x00000287   Thumb Code     0  startup.o(RESET)
    PWM0Generator3_Handler                   0x00000287   Thumb Code     0  startup.o(RESET)
    PWM1Fault_Handler                        0x00000287   Thumb Code     0  startup.o(RESET)
    PWM1Generator0_Handler                   0x00000287   Thumb Code     0  startup.o(RESET)
    PWM1Generator1_Handler                   0x00000287   Thumb Code     0  startup.o(RESET)
    PWM1Generator2_Handler                   0x00000287   Thumb Code     0  startup.o(RESET)
    PWM1Generator3_Handler                   0x00000287   Thumb Code     0  startup.o(RESET)
    Quadrature1_Handler                      0x00000287   Thumb Code     0  startup.o(RESET)
    Quadrature2_Handler                      0x00000287   Thumb Code     0  startup.o(RESET)
    SSI1_Handler                             0x00000287   Thumb Code     0  startup.o(RESET)
    SSI2_Handler                             0x00000287   Thumb Code     0  startup.o(RESET)
    SSI3_Handler                             0x00000287   Thumb Code     0  startup.o(RESET)
    SysCtl_Handler                           0x00000287   Thumb Code     0  startup.o(RESET)
    Timer0B_Handler                          0x00000287   Thumb Code     0  startup.o(RESET)
    Timer1A_Handler                          0x00000287   Thumb Code     0  startup.o(RESET)
    Timer1B_Handler                          0x00000287   Thumb Code     0  startup.o(RESET)
    Timer2A_Handler                          0x00000287   Thumb Code     0  startup.o(RESET)
    Timer2B_Handler                          0x00000287   Thumb Code     0  startup.o(RESET)
    Timer3A_Handler                          0x00000287   Thumb Code     0  startup.o(RESET)
    Timer3B_Handler                          0x00000287   Thumb Code     0  startup.o(RESET)
    Timer4A_Handler                          0x00000287   Thumb Code     0  startup.o(RESET)
    Timer4B_Handler                          0x00000287   Thumb Code     0  startup.o(RESET)
    Timer5A_Handler                          0x00000287   Thumb Code     0  startup.o(RESET)
    Timer5B_Handler                          0x00000287   Thumb Code     0  startup.o(RESET)
    UART2_Handler                            0x00000287   Thumb Code     0  startup.o(RESET)
    UART3_Handler                            0x00000287   Thumb Code     0  startup.o(RESET)
    UART4_Handler                            0x00000287   Thumb Code     0  startup.o(RESET)
    UART5_Handler                            0x00000287   Thumb Code     0  startup.o(RESET)
    UART6_Handler                            0x00000287   Thumb Code     0  startup.o(RESET)
    UART7_Handler                            0x00000287   Thumb Code     0  startup.o(RESET)
    USB0_Handler                             0x00000287   Thumb Code     0  startup.o(RESET)
    WideTimer0A_Handler                      0x00000287   Thumb Code     0  startup.o(RESET)
    WideTimer0B_Handler                      0x00000287   Thumb Code     0  startup.o(RESET)
    WideTimer1A_Handler                      0x00000287   Thumb Code     0  startup.o(RESET)
    WideTimer1B_Handler                      0x00000287   Thumb Code     0  startup.o(RESET)
    WideTimer2A_Handler                      0x00000287   Thumb Code     0  startup.o(RESET)
    WideTimer2B_Handler                      0x00000287   Thumb Code     0  startup.o(RESET)
    WideTimer3A_Handler                      0x00000287   Thumb Code     0  startup.o(RESET)
    WideTimer3B_Handler                      0x00000287   Thumb Code     0  startup.o(RESET)
    WideTimer4A_Handler                      0x00000287   Thumb Code     0  startup.o(RESET)
    WideTimer4B_Handler                      0x00000287   Thumb Code     0  startup.o(RESET)
    WideTimer5A_Handler                      0x00000287   Thumb Code     0  startup.o(RESET)
    WideTimer5B_Handler                      0x00000287   Thumb Code     0  startup.o(RESET)
    uDMA_Error                               0x00000287   Thumb Code     0  startup.o(RESET)
    uDMA_Handler                             0x00000287   Thumb Code     0  startup.o(RESET)
    __use_two_region_memory                  0x00000289   Thumb Code     2  heapauxi.o(.text)
    __rt_heap_escrow$2region                 0x0000028b   Thumb Code     2  heapauxi.o(.text)
    __rt_heap_expand$2region                 0x0000028d   Thumb Code     2  heapauxi.o(.text)
    INIT_GPIO                                0x00000291   Thumb Code    74  init_gpio.o(init_gpio)
    GPIO_PORTF_INIT                          0x000002db   Thumb Code    52  init_gpio.o(init_gpio)
    INIT_TIMER0                              0x00000331   Thumb Code   100  init_timer0.o(init_timer0)
    __main                                   0x000003b9   Thumb Code     0  main.o(main)
    TIMER0A_HANDLER                          0x000003c9   Thumb Code    40  timer0a_handler.o(my_handler_for_timer)



==============================================================================

Memory Map of the image

  Image Entry point : 0x0000026d

  Load Region LR_1 (Base: 0x00000000, Size: 0x000007f8, Max: 0xffffffff, ABSOLUTE)

    Execution Region ER_RO (Exec base: 0x00000000, Load base: 0x00000000, Size: 0x000003f8, Max: 0xffffffff, ABSOLUTE)

    Exec Addr    Load Addr    Size         Type   Attr      Idx    E Section Name        Object

    0x00000000   0x00000000   0x00000288   Code   RO           20  * RESET               startup.o
    0x00000288   0x00000288   0x00000006   Code   RO           29    .text               c_w.l(heapauxi.o)
    0x0000028e   0x0000028e   0x00000002   PAD
    0x00000290   0x00000290   0x000000a0   Code   RO            1    init_gpio           init_gpio.o
    0x00000330   0x00000330   0x00000088   Code   RO            7    init_timer0         init_timer0.o
    0x000003b8   0x000003b8   0x0000000e   Code   RO           11    main                main.o
    0x000003c6   0x000003c6   0x00000002   PAD
    0x000003c8   0x000003c8   0x00000030   Code   RO           14    my_handler_for_timer  timer0a_handler.o


    Execution Region ER_RW (Exec base: 0x20000000, Load base: 0x000003f8, Size: 0x00000400, Max: 0xffffffff, ABSOLUTE)

    Exec Addr    Load Addr    Size         Type   Attr      Idx    E Section Name        Object

    0x20000000   0x000003f8   0x00000400   Data   RW           18    STACK               startup.o


    Execution Region ER_ZI (Exec base: 0x20000400, Load base: 0x000007f8, Size: 0x00000000, Max: 0xffffffff, ABSOLUTE)

    **** No section assigned to this execution region ****


==============================================================================

Image component sizes


      Code (inc. data)   RO Data    RW Data    ZI Data      Debug   Object Name

       160         34          0          0          0        464   init_gpio.o
       136         36          0          0          0        380   init_timer0.o
        14          0          0          0          0        196   main.o
       648        620          0       1024          0        736   startup.o
        48          8          0          0          0        368   timer0a_handler.o

    ----------------------------------------------------------------------
      1008        698          0       1024          0       2144   Object Totals
         0          0          0          0          0          0   (incl. Generated)
         2          0          0          0          0          0   (incl. Padding)

    ----------------------------------------------------------------------

      Code (inc. data)   RO Data    RW Data    ZI Data      Debug   Library Member Name

         6          0          0          0          0        152   heapauxi.o

    ----------------------------------------------------------------------
         8          0          0          0          0        152   Library Totals
         2          0          0          0          0          0   (incl. Padding)

    ----------------------------------------------------------------------

      Code (inc. data)   RO Data    RW Data    ZI Data      Debug   Library Name

         6          0          0          0          0        152   c_w.l

    ----------------------------------------------------------------------
         8          0          0          0          0        152   Library Totals

    ----------------------------------------------------------------------

==============================================================================


      Code (inc. data)   RO Data    RW Data    ZI Data      Debug   

      1016        698          0       1024          0       1996   Grand Totals
      1016        698          0       1024          0       1996   ELF Image Totals
      1016        698          0       1024          0          0   ROM Totals

==============================================================================

    Total RO  Size (Code + RO Data)                 1016 (   0.99kB)
    Total RW  Size (RW Data + ZI Data)              1024 (   1.00kB)
    Total ROM Size (Code + RO Data + RW Data)       2040 (   1.99kB)

==============================================================================

